---
source: src/config.rs
expression: config_yaml_string
---
action:
  maxRunningJobs: 16
  jobWaitingTimeoutSeconds: 300
  defaultServiceAccount: '{{ include "git-events-runner.actionJobServiceAccountName" . }}'
  activeDeadlineSeconds: 3600
  ttlSecondsAfterFinished: 7200
  workdir:
    mountPath: /action_workdir
    volumeName: action-workdir
  containers:
    cloner:
      name: action-cloner
      image: ghcr.io/alex-karpenko/git-events-runner/gitrepo-cloner:{{ .Chart.AppVersion }}
    worker:
      name: action-worker
      image: ghcr.io/alex-karpenko/git-events-runner/action-worker:{{ .Chart.AppVersion }}
      variablesPrefix: ACTION_JOB_
trigger:
  webhook:
    defaultAuthHeader: x-trigger-auth
