---
source: src/config.rs
expression: config_yaml_string
---
"action:\n  workdir:\n    mountPath: /action_workdir\n    volumeName: action-workdir\n  defaultServiceAccount: \'{{ include \"git-events-runner.actionJobServiceAccountName\" . }}\'\n  ttlSecondsAfterFinished: 7200\n  activeDeadlineSeconds: 3600\n  maxRunningJobs: 16\n  maxWaitingJobs: 16\n  containers:\n    cloner:\n      name: action-cloner\n      image: ghcr.io/alex-karpenko/git-events-runner/gitrepo-cloner:{{ .Chart.AppVersion }}\n    worker:\n      name: action-worker\n      image: ghcr.io/alex-karpenko/git-events-runner/action-worker:{{ .Chart.AppVersion }}\n      variablesPrefix: ACTION_JOB_\ntrigger:\n  webhook:\n    defaultAuthHeader: x-trigger-auth\n"
