---
source: src/cache.rs
expression: res.err().unwrap()
---
KubeError(
    Api(
        Status {
            status: Some(
                Failure,
            ),
            code: 404,
            message: "secrets \"test-secrets-cache-data\" not found",
            metadata: Some(
                ListMeta {
                    continue_: None,
                    remaining_item_count: None,
                    resource_version: None,
                    self_link: None,
                },
            ),
            reason: "NotFound",
            details: Some(
                StatusDetails {
                    name: "test-secrets-cache-data",
                    group: "",
                    kind: "secrets",
                    uid: "",
                    causes: [],
                    retry_after_seconds: 0,
                },
            ),
        },
    ),
)
